// Jest Snapshot v1, https://goo.gl/fbAQLP

exports[`Button test render Button component 1`] = `
<DocumentFragment>
  <button
    class="css-e4y67s"
  >
    Test
  </button>
</DocumentFragment>
`;
