// Jest Snapshot v1, https://goo.gl/fbAQLP

exports[`Button test render Button component 1`] = `
<DocumentFragment>
  <button
    class="css-83quec-Button-getSize e1afpsjd0"
  >
    Test
  </button>
</DocumentFragment>
`;
